<div>
    <div my-attr="foo">
        node1
    </div>
    
    
    <div>
        node4
    </div>
</div>
<div my-attr="foo">
    node5
</div>


