<div>
    <div some-attr="foo">
        node1
    </div>
    
    <div some-attr="bar">
        node3
    </div>
    
</div>