<div>
    
    
    <div to-remove1="baz1">
        node
    </div>
</div>


<div to-remove2="baz2">
    node
</div>
