<div>
    
    <div class="not-to-remove">
        node2
    </div>
    
    <div class="not-to-remove">
        node4
    </div>
</div>